// Jest Snapshot v1, https://goo.gl/fbAQLP

exports[`renders properly 1`] = `
<div
  className="mainContainer"
>
  <h1>
     :C 
  </h1>
  <h2>
    error
  </h2>
  <button
    onClick={[Function]}
    type="button"
  >
    Login / Signup
  </button>
</div>
`;
